INFO:     Started server process [103597]
INFO:     Waiting for application startup.
2026-05-15 07:25:47,082 INFO sqlalchemy.engine.Engine BEGIN (implicit)
2026-05-15 07:25:47,083 INFO sqlalchemy.engine.Engine PRAGMA main.table_info("userworkspacelink")
2026-05-15 07:25:47,083 INFO sqlalchemy.engine.Engine [raw sql] ()
2026-05-15 07:25:47,083 INFO sqlalchemy.engine.Engine PRAGMA main.table_info("user")
2026-05-15 07:25:47,084 INFO sqlalchemy.engine.Engine [raw sql] ()
2026-05-15 07:25:47,084 INFO sqlalchemy.engine.Engine PRAGMA main.table_info("workspace")
2026-05-15 07:25:47,084 INFO sqlalchemy.engine.Engine [raw sql] ()
2026-05-15 07:25:47,084 INFO sqlalchemy.engine.Engine PRAGMA main.table_info("agent")
2026-05-15 07:25:47,084 INFO sqlalchemy.engine.Engine [raw sql] ()
2026-05-15 07:25:47,084 INFO sqlalchemy.engine.Engine PRAGMA main.table_info("tokenpool")
2026-05-15 07:25:47,084 INFO sqlalchemy.engine.Engine [raw sql] ()
2026-05-15 07:25:47,085 INFO sqlalchemy.engine.Engine COMMIT
INFO:     Application startup complete.
INFO:     Uvicorn running on http://127.0.0.1:8000 (Press CTRL+C to quit)
2026-05-15 07:26:14,954 INFO sqlalchemy.engine.Engine BEGIN (implicit)
2026-05-15 07:26:14,969 INFO sqlalchemy.engine.Engine SELECT workspace.id, workspace.name
FROM workspace
2026-05-15 07:26:14,969 INFO sqlalchemy.engine.Engine [generated in 0.00028s] ()
INFO:     127.0.0.1:49342 - "GET /workspaces HTTP/1.1" 200 OK
2026-05-15 07:26:14,972 INFO sqlalchemy.engine.Engine ROLLBACK
2026-05-15 07:26:14,978 INFO sqlalchemy.engine.Engine BEGIN (implicit)
2026-05-15 07:26:14,980 INFO sqlalchemy.engine.Engine SELECT agent.id, agent.name, agent.owner_id, agent.workspace_id, agent.provider
FROM agent
2026-05-15 07:26:14,980 INFO sqlalchemy.engine.Engine [generated in 0.00024s] ()
INFO:     127.0.0.1:49342 - "GET /agents HTTP/1.1" 200 OK
2026-05-15 07:26:14,982 INFO sqlalchemy.engine.Engine ROLLBACK
INFO:     127.0.0.1:49356 - "WebSocket /socket.io/?EIO=4&transport=websocket" [accepted]
INFO:     connection open
/app/backend/app/main.py:75: RuntimeWarning: coroutine 'AsyncServer.enter_room' was never awaited
  sio.enter_room(sid, workspace_id)
RuntimeWarning: Enable tracemalloc to get the object allocation traceback
INFO:     127.0.0.1:49364 - "WebSocket /socket.io/?EIO=4&transport=websocket" [accepted]
INFO:     connection open
INFO:     connection closed
INFO:     connection closed
